Component: ARM Compiler 5.06 update 7 (build 960) Tool: armlink [4d3601]

==============================================================================

Image component sizes


      Code (inc. data)   RO Data    RW Data    ZI Data      Debug   Object Name

         0          0       1212          0          0        846   _indent_alpha_20x20.o
         0          0      52878          0          0        878   _windowsxp_alpha_198x89.o
       196         24          0          0         72       1753   adc.o
       484         58        168          4         10       5768   beep.o
         0          0          0          0          0       8268   croutine.o
        44          4          0          0          0        802   dma.o
         0          0          0          0          0      14816   event_groups.o
         2          0          0          0          0      52746   events_init.o
       800        236          0         32       1332     509782   freertos_main.o
       312         18          0          0          0       1067   gpio.o
        78          6          0          0          0      34933   gui_guider.o
       436         22          0         28      15360       5423   heap_4.o
       108         48          0          0          0       2099   key.o
       324         34          0          0        834       7024   lcd.o
       160         16          0          4        128       2135   lcd_consle.o
       138          0          0          0          0       3514   list.o
       932         58          0         12          0      32617   lv_anim.o
      3484         10         28          0          0      83416   lv_arc.o
      1654          6          0         12          0      15437   lv_area.o
      2174         30         28          0          0      66881   lv_bar.o
         0          0          0          0          0       6107   lv_bidi.o
        50          4         28          0          0       1947   lv_btn.o
      4070         46         65         28          0      66858   lv_btnmatrix.o
      1088         22         55         28          0      62083   lv_calendar.o
       432         40        133         48          0      53391   lv_calendar_header_arrow.o
       418         18        680          8          0      36871   lv_calendar_header_dropdown.o
      6936         56         28          0          0      93034   lv_chart.o
       862         22         28          0          0      49807   lv_checkbox.o
       532         28        380          0          0      12659   lv_color.o
      2498         14         28          8          0      84676   lv_colorwheel.o
       992         38          0          0          0      61609   lv_disp.o
        12          0          0          0          0      32676   lv_draw.o
      1038          0          0          0          0      23508   lv_draw_arc.o
       934         40          0          0          0      34153   lv_draw_img.o
      1574         16          0          0          0      32002   lv_draw_label.o
       178          0          0          0          0      20147   lv_draw_layer.o
        88          0          0          0          0      32154   lv_draw_line.o
      4182         50          0          0          0      28786   lv_draw_mask.o
       244          4          0          0          0      24763   lv_draw_rect.o
       244         62          0          0          0      40807   lv_draw_sw.o
      2680          0          0          0          0      40968   lv_draw_sw_arc.o
      3640         30          0          0          0      58075   lv_draw_sw_blend.o
      1020         48          0         12          0      22961   lv_draw_sw_gradient.o
      1266          0          0          0          0      31337   lv_draw_sw_img.o
       462          0          0          0          0      38499   lv_draw_sw_layer.o
       982         14        278          8        256      20481   lv_draw_sw_letter.o
      1998          4         33          0          0      22002   lv_draw_sw_line.o
       640          6          8          0          0       2765   lv_draw_sw_polygon.o
      7116          0          0          0          0      24216   lv_draw_sw_rect.o
      1770          6          0          0          0      44618   lv_draw_sw_transform.o
        54          0          0          0          0      12752   lv_draw_transform.o
      3154         56         56          0          0      65733   lv_dropdown.o
       772         38          0          8          0      53116   lv_event.o
        14          0          0          0          0        572   lv_extra.o
      2850         94          0         12          0      83264   lv_flex.o
       198          0          0          0          0       7549   lv_font.o
         0          0          0          0          0       4636   lv_font_dejavu_16_persian_hebrew.o
       700         16          0          0          0      10217   lv_font_fmt_txt.o
         0          0      13633          8          0       2620   lv_font_montserrat_14.o
         0          0       5870          8          0        989   lv_font_youshebiaotihei_10.o
         0          0      11706          8          0        989   lv_font_youshebiaotihei_16.o
       826         14          0          0          0      10363   lv_fs.o
         0          0          0         24        508       1665   lv_gc.o
      2466         76          0         22          0      82552   lv_grid.o
       828         30          0          4          0      56776   lv_group.o
       624         52          0         16          0      56332   lv_hal_disp.o
        20          4          0          0          0      47054   lv_hal_indev.o
        16          0          0          0          0       1722   lv_hal_tick.o
      2670         14         28          0          0      54581   lv_img.o
       362          0          0          0          0       4067   lv_img_buf.o
        86          4          0          0          0       6279   lv_img_cache.o
      2072         72          0          0          0      22577   lv_img_decoder.o
       328         16          0         12          0      22971   lv_indev.o
        60          0          0          0          0      16467   lv_indev_scroll.o
       736         70       1313         72          0      57466   lv_keyboard.o
      4384         78         28          0          0      75593   lv_label.o
       780         10         28          0          0      57484   lv_led.o
       414          6         28          0          0      12716   lv_line.o
         0          0         84          0          0      50511   lv_list.o
       480          0          0          0          0      10216   lv_ll.o
       420          6        182          0          0       5005   lv_math.o
       984         36          0         16      49152      10242   lv_mem.o
      1078         20        252          0          0      61041   lv_menu.o
      2072         30         28          0          0      77451   lv_meter.o
         0          0         84          0          0      54302   lv_msgbox.o
      3408         38         28          8          0      69986   lv_obj.o
       468          4          0          0          0       5136   lv_obj_class.o
      1878          0          0          0          0      74421   lv_obj_draw.o
      5522         86          8          8          0      87102   lv_obj_pos.o
      4180         76          0          0          0      74369   lv_obj_scroll.o
      3704         50          0          1          0      73079   lv_obj_style.o
       372          0          0          0          0      23267   lv_obj_style_gen.o
       912          4          0          0          0      37478   lv_obj_tree.o
        98         12          0          0       4908      51286   lv_port_disp_template.o
      1790         16          0          0          0      12969   lv_printf.o
      4332         60          0          8          0      65135   lv_refr.o
      2528         82         56          0          0      57340   lv_roller.o
      2048         12         28          0          0      40812   lv_slider.o
       886         12         28          0          0      61865   lv_spinbox.o
       136         16         28          8          0      55809   lv_spinner.o
      1158         40        117          8          0      28581   lv_style.o
       472          0          0          0          0      43113   lv_style_gen.o
       814         14         28          0          0      46569   lv_switch.o
      2874         10         28          0          0      60524   lv_table.o
       868         24         28          4          0      70818   lv_tabview.o
      3978        122         28          4          0      79914   lv_textarea.o
       120          4          0          0          0      53876   lv_theme.o
      9582        332         22         32         76      73858   lv_theme_default.o
       344         10         56         12          0      53455   lv_tileview.o
       498         38          0         20          0       7562   lv_timer.o
      1392          0          0          0          0      23934   lv_tlsf.o
      1726         56          0         28          0      20001   lv_txt.o
        76          0          0          0          0        976   lv_utils.o
       120          6         28          2          0      53993   lv_win.o
       352         52          0          0         56       3756   main.o
       702         72          0         12          0      11268   port.o
       902         14          0          0         64      12959   queue.o
       542          8          0          0          0      36410   setup_scr_screen_1.o
      1162         60          0          0          0       1685   setup_scr_screen_2.o
        48          0          0          0          0       2533   soft_timer.o
       364         46          0          0        176       3034   spi.o
       594          8          0          0          0       1469   st7789.o
        64         26        408          0       1536        856   startup_stm32f411xe.o
       116         18          0         12          0       8674   stm32f4xx_hal.o
       736         34          0          0          0       2935   stm32f4xx_hal_adc.o
       158         14          0          0          0      33094   stm32f4xx_hal_cortex.o
       902         16          8          0          0       5899   stm32f4xx_hal_dma.o
       540         40          0          0          0       4171   stm32f4xx_hal_gpio.o
        56          4          0          0          0        894   stm32f4xx_hal_msp.o
      1412         86          0          0          0       5985   stm32f4xx_hal_rcc.o
       838         14          0          0          0       4650   stm32f4xx_hal_spi.o
      2642        126          0          0          0      22569   stm32f4xx_hal_tim.o
       128         20          0          0          0       2537   stm32f4xx_hal_tim_ex.o
       140         22          0          0         72     437928   stm32f4xx_hal_timebase_tim.o
       368         10          0          0          0       2084   stm32f4xx_hal_uart.o
        80         18          0          0          0       5868   stm32f4xx_it.o
        16          4         24          4          0       1163   system_stm32f4xx.o
      2402        160          0         64        200      28266   tasks.o
       628         72          0          0        312       4504   tim.o
       760         82          0         20         40      25802   timers.o
       164         22          0          0         72       1770   usart.o
       148         12          0          0        488       4221   ws2812b.o

    ----------------------------------------------------------------------
    162176       4064      90394        704      75656    5136247   Object Totals
         0          0         32          0          0          0   (incl. Generated)
       208          0         33          7          4          0   (incl. Padding)

    ----------------------------------------------------------------------

      Code (inc. data)   RO Data    RW Data    ZI Data      Debug   Library Member Name

        44          6          0          0          0         84   __2sprintf.o
        90          0          0          0          0          0   __dczerorl2.o
         8          0          0          0          0         68   __main.o
       392          4         17          0          0         92   __printf_flags_ss_wp.o
        14          0          0          0          0         68   __printf_wp.o
         0          0          0          0          0          0   __rtentry.o
        12          0          0          0          0          0   __rtentry2.o
         6          0          0          0          0          0   __rtentry4.o
        52          8          0          0          0          0   __scatter.o
        28          0          0          0          0          0   __scatter_zi.o
         6          0          0          0          0          0   _printf_a.o
         6          0          0          0          0          0   _printf_c.o
        44          0          0          0          0        108   _printf_char.o
        48          6          0          0          0         96   _printf_char_common.o
        40          0          0          0          0         68   _printf_charcount.o
         6          0          0          0          0          0   _printf_d.o
       120         16          0          0          0         92   _printf_dec.o
         6          0          0          0          0          0   _printf_e.o
         6          0          0          0          0          0   _printf_f.o
      1054          0          0          0          0        216   _printf_fp_dec.o
       764          8         38          0          0        100   _printf_fp_hex.o
       128         16          0          0          0         84   _printf_fp_infnan.o
         6          0          0          0          0          0   _printf_g.o
       148          4         40          0          0        160   _printf_hex_int_ll_ptr.o
         6          0          0          0          0          0   _printf_i.o
       178          0          0          0          0         88   _printf_intcommon.o
        10          0          0          0          0          0   _printf_l.o
         6          0          0          0          0          0   _printf_lc.o
        10          0          0          0          0          0   _printf_ll.o
         6          0          0          0          0          0   _printf_lld.o
         6          0          0          0          0          0   _printf_lli.o
         6          0          0          0          0          0   _printf_llo.o
         6          0          0          0          0          0   _printf_llu.o
         6          0          0          0          0          0   _printf_llx.o
       124         16          0          0          0         92   _printf_longlong_dec.o
         6          0          0          0          0          0   _printf_ls.o
         6          0          0          0          0          0   _printf_n.o
         6          0          0          0          0          0   _printf_o.o
       112         10          0          0          0        124   _printf_oct_int_ll.o
         6          0          0          0          0          0   _printf_p.o
        78          0          0          0          0        108   _printf_pad.o
         0          0          0          0          0          0   _printf_percent.o
         4          0          0          0          0          0   _printf_percent_end.o
         6          0          0          0          0          0   _printf_s.o
        82          0          0          0          0         80   _printf_str.o
        36          0          0          0          0         84   _printf_truncate.o
         6          0          0          0          0          0   _printf_u.o
        44          0          0          0          0        108   _printf_wchar.o
       188          6          8          0          0         92   _printf_wctomb.o
         6          0          0          0          0          0   _printf_x.o
        16          0          0          0          0         68   _snputc.o
        10          0          0          0          0         68   _sputc.o
        64          0          0          0          0         92   _wcrtomb.o
        16          0          0          0          0         68   aeabi_memset.o
       228          4        148          0          0         96   bigflt0.o
      1936        128          0          0          0        672   btod.o
        18          0          0          0          0         80   exit.o
         6          0          0          0          0        152   heapauxi.o
         0          0          0          0          0          0   indicate_semi.o
        44         10        272          0          0         76   lc_ctype_c.o
        44         10         28          0          0         76   lc_numeric_c.o
         2          0          0          0          0          0   libinit.o
        34          0          0          0          0          0   libinit2.o
         2          0          0          0          0          0   libshutdown.o
         2          0          0          0          0          0   libshutdown2.o
         8          4          0          0         96         68   libspace.o
       138          0          0          0          0         80   lludiv10.o
       238          0          0          0          0        100   lludivv7m.o
        16          4          0          0          0         76   rt_ctype_table.o
         8          4          0          0          0         68   rt_locale_intlibspace.o
        68          0          0          0          0         68   rt_memclr.o
        78          0          0          0          0         80   rt_memclr_w.o
       138          0          0          0          0         68   rt_memcpy_v6.o
       100          0          0          0          0         80   rt_memcpy_w.o
       132          0          0          0          0         68   rt_memmove_v6.o
       122          0          0          0          0         80   rt_memmove_w.o
         2          0          0          0          0          0   rtexit.o
        10          0          0          0          0          0   rtexit2.o
       128          0          0          0          0         68   strcmpv7m.o
        72          0          0          0          0         80   strcpy.o
        62          0          0          0          0         76   strlen.o
        12          4          0          0          0         68   sys_exit.o
        74          0          0          0          0         80   sys_stackheap_outer.o
         2          0          0          0          0         68   use_no_semi.o
        52          4          0          0          0         80   vsnprintf.o
        10          0          0          0          0        116   fpinit.o
         4          0          0          0          0        116   printf1.o
         4          0          0          0          0        116   printf2.o
         0          0          0          0          0          0   usenofp.o
        48          0          0          0          0        124   fpclassify.o

    ----------------------------------------------------------------------
      7946        272        556          0         96       5288   Library Totals
        20          0          5          0          0          0   (incl. Padding)

    ----------------------------------------------------------------------

      Code (inc. data)   RO Data    RW Data    ZI Data      Debug   Library Name

      7860        272        551          0         96       4816   c_w.l
        18          0          0          0          0        348   fz_wm.l
        48          0          0          0          0        124   m_wm.l

    ----------------------------------------------------------------------
      7946        272        556          0         96       5288   Library Totals

    ----------------------------------------------------------------------

==============================================================================


      Code (inc. data)   RO Data    RW Data    ZI Data      Debug   

    170122       4336      90950        704      75752    5010931   Grand Totals
    170122       4336      90950        196      75752    5010931   ELF Image Totals (compressed)
    170122       4336      90950        196          0          0   ROM Totals

==============================================================================

    Total RO  Size (Code + RO Data)               261072 ( 254.95kB)
    Total RW  Size (RW Data + ZI Data)             76456 (  74.66kB)
    Total ROM Size (Code + RO Data + RW Data)     261268 ( 255.14kB)

==============================================================================

