<html>
<body>
<pre>
<h1>µVision Build Log</h1>
<h2>Tool Versions:</h2>
IDE-Version: ¦ÌVision V5.39.0.0
Copyright (C) 2023 ARM Ltd and ARM Germany GmbH. All rights reserved.
License Information: aa aa, aa, LIC=QF82M-X02XW-63YMB-2XV9E-9TM5P-M33Z4
 
Tool Versions:
Toolchain:       MDK-ARM Plus  Version: 5.39.0.0
Toolchain Path:  C:\Keil_v5\ARM\ARMCC\Bin
C Compiler:      Armcc.exe V5.06 update 7 (build 960)
Assembler:       Armasm.exe V5.06 update 7 (build 960)
Linker/Locator:  ArmLink.exe V5.06 update 7 (build 960)
Library Manager: ArmAr.exe V5.06 update 7 (build 960)
Hex Converter:   FromElf.exe V5.06 update 7 (build 960)
CPU DLL:         SARMCM3.DLL V5.39.0.0
Dialog DLL:      DCM.DLL V1.17.5.0
Target DLL:      CMSIS_AGDI.dll V1.33.16.0
Dialog DLL:      TCM.DLL V1.56.4.0
 
<h2>Project:</h2>
d:\Projects\Ember\02.Software\M2_test\MDK-ARM\M2_test.uvprojx
Project File Date:  11/24/2024

<h2>Output:</h2>
*** Using Compiler 'V5.06 update 7 (build 960)', folder: 'C:\Keil_v5\ARM\ARMCC\Bin'
Build target 'M2_test'
compiling tim.c...
compiling stm32f4xx_hal_flash_ramfunc.c...
compiling stm32f4xx_it.c...
compiling spi.c...
compiling gpio.c...
compiling stm32f4xx_hal_timebase_tim.c...
compiling dma.c...
compiling usart.c...
compiling stm32f4xx_hal_rcc_ex.c...
compiling stm32f4xx_hal_msp.c...
compiling stm32f4xx_hal_flash.c...
compiling stm32f4xx_hal_flash_ex.c...
compiling stm32f4xx_hal_rcc.c...
compiling main.c...
compiling freertos.c...
compiling circle_buffer.c...
compiling crc.c...
compiling croutine.c...
compiling list.c...
compiling event_groups.c...
compiling stm32f4xx_hal_pwr_ex.c...
compiling stm32f4xx_hal_gpio.c...
compiling stm32f4xx_hal_exti.c...
compiling stm32f4xx_hal_dma.c...
compiling stm32f4xx_hal.c...
compiling stm32f4xx_hal_pwr.c...
compiling stm32f4xx_hal_cortex.c...
compiling stm32f4xx_hal_dma_ex.c...
compiling stream_buffer.c...
compiling system_stm32f4xx.c...
compiling queue.c...
compiling timers.c...
compiling heap_4.c...
compiling stm32f4xx_hal_uart.c...
compiling tasks.c...
compiling port.c...
compiling stm32f4xx_hal_spi.c...
compiling lv_disp.c...
compiling stm32f4xx_hal_tim_ex.c...
compiling lv_group.c...
compiling cmsis_os.c...
compiling lv_event.c...
..\Middlewares\LVGL\GUI\lvgl\src\core\lv_event.c(117): warning:  #188-D: enumerated type mixed with another type
      return e->code & ~LV_EVENT_PREPROCESS;
..\Middlewares\LVGL\GUI\lvgl\src\core\lv_event.c: 1 warning, 0 errors
compiling lv_obj_class.c...
compiling lv_indev_scroll.c...
compiling lv_indev.c...
compiling lv_obj_draw.c...
..\Middlewares\LVGL\GUI\lvgl\src\core\lv_obj_draw.c(392): warning:  #188-D: enumerated type mixed with another type
      if(obj->spec_attr) return obj->spec_attr->layer_type;
..\Middlewares\LVGL\GUI\lvgl\src\core\lv_obj_draw.c: 1 warning, 0 errors
compiling lv_draw.c...
compiling lv_obj.c...
compiling lv_draw_arc.c...
compiling lv_obj_style_gen.c...
compiling lv_obj_tree.c...
compiling lv_obj_style.c...
compiling lv_draw_img.c...
compiling lv_theme.c...
compiling lv_draw_layer.c...
compiling lv_obj_scroll.c...
compiling lv_draw_line.c...
compiling stm32f4xx_hal_tim.c...
compiling lv_draw_label.c...
compiling lv_obj_pos.c...
compiling lv_refr.c...
compiling lv_draw_rect.c...
compiling lv_draw_transform.c...
compiling lv_draw_triangle.c...
compiling lv_img_cache.c...
compiling lv_draw_sw.c...
compiling lv_draw_sw_dither.c...
compiling lv_img_buf.c...
compiling lv_img_decoder.c...
compiling lv_draw_sw_gradient.c...
compiling lv_draw_sw_letter.c...
compiling lv_draw_sw_img.c...
compiling lv_draw_sw_layer.c...
compiling lv_draw_sw_arc.c...
compiling lv_draw_mask.c...
compiling lv_draw_sw_polygon.c...
compiling lv_draw_sw_line.c...
compiling lv_draw_sw_blend.c...
compiling lv_draw_sw_transform.c...
compiling lv_flex.c...
compiling lv_ffmpeg.c...
compiling gifdec.c...
compiling lv_freetype.c...
compiling lv_grid.c...
..\Middlewares\LVGL\GUI\lvgl\src\extra\layouts\grid\lv_grid.c(583): warning:  #188-D: enumerated type mixed with another type
      lv_grid_align_t col_align = get_cell_col_align(item);
..\Middlewares\LVGL\GUI\lvgl\src\extra\layouts\grid\lv_grid.c(584): warning:  #188-D: enumerated type mixed with another type
      lv_grid_align_t row_align = get_cell_row_align(item);
..\Middlewares\LVGL\GUI\lvgl\src\extra\layouts\grid\lv_grid.c: 2 warnings, 0 errors
compiling lv_bmp.c...
compiling lv_fs_posix.c...
compiling lv_fs_littlefs.c...
compiling lv_fs_fatfs.c...
compiling lv_draw_sw_rect.c...
..\Middlewares\LVGL\GUI\lvgl\src\draw\sw\lv_draw_sw_rect.c(234): warning:  #546-D: transfer of control bypasses initialization of:
            variable "mask_any_center"  (declared at line 280)
          goto bg_clean_up;
          ^
..\Middlewares\LVGL\GUI\lvgl\src\draw\sw\lv_draw_sw_rect.c: 1 warning, 0 errors
compiling lv_fs_stdio.c...
compiling lv_fs_win32.c...
compiling tjpgd.c...
compiling lv_gif.c...
compiling lv_fragment.c...
compiling lodepng.c...
compiling lv_png.c...
compiling lv_qrcode.c...
compiling lv_rlottie.c...
compiling lv_fragment_manager.c...
compiling lv_gridnav.c...
compiling lv_tiny_ttf.c...
compiling lv_sjpg.c...
compiling qrcodegen.c...
..\Middlewares\LVGL\GUI\lvgl\src\extra\libs\qrcode\qrcodegen.c(278): warning:  #188-D: enumerated type mixed with another type
  	applyMask(tempBuffer, qrcode, mask);
..\Middlewares\LVGL\GUI\lvgl\src\extra\libs\qrcode\qrcodegen.c(279): warning:  #188-D: enumerated type mixed with another type
  	drawFormatBits(ecl, mask, qrcode);
..\Middlewares\LVGL\GUI\lvgl\src\extra\libs\qrcode\qrcodegen.c(620): warning:  #111-D: statement is unreachable
  				default:  LV_ASSERT(false);  return;
..\Middlewares\LVGL\GUI\lvgl\src\extra\libs\qrcode\qrcodegen.c(853): warning:  #111-D: statement is unreachable
  		return -1;
..\Middlewares\LVGL\GUI\lvgl\src\extra\libs\qrcode\qrcodegen.c(1008): warning:  #111-D: statement is unreachable
  		default:  LV_ASSERT(false);  return -1;  // Dummy value
..\Middlewares\LVGL\GUI\lvgl\src\extra\libs\qrcode\qrcodegen.c: 5 warnings, 0 errors
compiling lv_msg.c...
compiling lv_snapshot.c...
compiling lv_monkey.c...
compiling lv_imgfont.c...
compiling lv_ime_pinyin.c...
compiling lv_calendar_header_arrow.c...
compiling lv_calendar_header_dropdown.c...
compiling lv_theme_basic.c...
compiling lv_keyboard.c...
compiling lv_theme_mono.c...
compiling lv_list.c...
compiling lv_animimg.c...
compiling lv_imgbtn.c...
compiling lv_calendar.c...
compiling lv_menu.c...
compiling lv_led.c...
compiling lv_colorwheel.c...
compiling lv_msgbox.c...
compiling lv_font.c...
compiling lv_meter.c...
compiling lv_tileview.c...
compiling lv_theme_default.c...
..\Middlewares\LVGL\GUI\lvgl\src\extra\themes\default\lv_theme_default.c(211): warning:  #188-D: enumerated type mixed with another type
..\Middlewares\LVGL\GUI\lvgl\src\extra\themes\default\lv_theme_default.c: 1 warning, 0 errors
compiling lv_font_fmt_txt.c...
..\Middlewares\LVGL\GUI\lvgl\src\font\lv_font_fmt_txt.c(137): warning:  #111-D: statement is unreachable
      return NULL;
..\Middlewares\LVGL\GUI\lvgl\src\font\lv_font_fmt_txt.c: 1 warning, 0 errors
compiling lv_extra.c...
compiling lv_spinbox.c...
compiling lv_win.c...
compiling lv_tabview.c...
compiling lv_spinner.c...
compiling lv_span.c...
..\Middlewares\LVGL\GUI\lvgl\src\extra\widgets\span\lv_span.c(901): warning:  #546-D: transfer of control bypasses initialization of:
            variable "align"  (declared at line 905)
              goto Next_line_init;
              ^
..\Middlewares\LVGL\GUI\lvgl\src\extra\widgets\span\lv_span.c: 1 warning, 0 errors
compiling lv_chart.c...
compiling lv_font_dejavu_16_persian_hebrew.c...
compiling lv_font_montserrat_10.c...
compiling lv_font_montserrat_8.c...
compiling lv_font_loader.c...
compiling lv_font_montserrat_12.c...
compiling lv_font_montserrat_12_subpx.c...
compiling lv_font_montserrat_14.c...
compiling lv_font_montserrat_16.c...
compiling lv_font_montserrat_22.c...
compiling lv_font_montserrat_24.c...
compiling lv_font_montserrat_26.c...
compiling lv_font_montserrat_18.c...
compiling lv_font_montserrat_28_compressed.c...
compiling lv_font_montserrat_28.c...
compiling lv_font_montserrat_30.c...
compiling lv_font_montserrat_20.c...
compiling lv_font_montserrat_32.c...
compiling lv_font_montserrat_36.c...
compiling lv_font_montserrat_40.c...
compiling lv_font_montserrat_34.c...
compiling lv_font_montserrat_42.c...
compiling lv_font_montserrat_38.c...
compiling lv_hal_tick.c...
..\Middlewares\LVGL\GUI\lvgl\src\hal\lv_hal_tick.c(77): warning:  #223-D: function "xTaskGetTickCount" declared implicitly
      return LV_TICK_CUSTOM_SYS_TIME_EXPR;
..\Middlewares\LVGL\GUI\lvgl\src\hal\lv_hal_tick.c: 1 warning, 0 errors
compiling lv_font_montserrat_44.c...
compiling lv_font_montserrat_46.c...
compiling lv_hal_indev.c...
compiling lv_async.c...
compiling lv_anim_timeline.c...
compiling lv_font_montserrat_48.c...
compiling lv_bidi.c...
compiling lv_anim.c...
compiling lv_font_simsun_16_cjk.c...
compiling lv_font_unscii_8.c...
compiling lv_font_unscii_16.c...
compiling lv_hal_disp.c...
..\Middlewares\LVGL\GUI\lvgl\src\hal\lv_hal_disp.c(582): warning:  #188-D: enumerated type mixed with another type
      return disp->driver->rotated;
..\Middlewares\LVGL\GUI\lvgl\src\hal\lv_hal_disp.c: 1 warning, 0 errors
compiling lv_color.c...
compiling lv_area.c...
compiling lv_gc.c...
compiling lv_fs.c...
compiling lv_ll.c...
compiling lv_log.c...
compiling lv_math.c...
compiling lv_lru.c...
..\Middlewares\LVGL\GUI\lvgl\src\misc\lv_lru.c(238): warning:  #68-D: integer conversion resulted in a change of sign
      uint32_t i = 0, min_index = -1;
..\Middlewares\LVGL\GUI\lvgl\src\misc\lv_lru.c(239): warning:  #68-D: integer conversion resulted in a change of sign
      uint64_t min_access_count = -1;
..\Middlewares\LVGL\GUI\lvgl\src\misc\lv_lru.c: 2 warnings, 0 errors
compiling lv_templ.c...
compiling lv_utils.c...
compiling lv_mem.c...
..\Middlewares\LVGL\GUI\lvgl\src\misc\lv_mem.c(324): warning:  #111-D: statement is unreachable
      return NULL;
..\Middlewares\LVGL\GUI\lvgl\src\misc\lv_mem.c: 1 warning, 0 errors
compiling lv_txt_ap.c...
compiling lv_style_gen.c...
compiling lv_printf.c...
compiling lv_style.c...
..\Middlewares\LVGL\GUI\lvgl\src\misc\lv_style.c(214): warning:  #188-D: enumerated type mixed with another type
      return last_custom_prop_id;
..\Middlewares\LVGL\GUI\lvgl\src\misc\lv_style.c(219): warning:  #188-D: enumerated type mixed with another type
      return last_custom_prop_id - _LV_STYLE_LAST_BUILT_IN_PROP;
..\Middlewares\LVGL\GUI\lvgl\src\misc\lv_style.c(290): warning:  #188-D: enumerated type mixed with another type
      lv_style_set_prop_internal(style, prop | meta, null_style_value, lv_style_set_prop_meta_helper);
..\Middlewares\LVGL\GUI\lvgl\src\misc\lv_style.c: 3 warnings, 0 errors
compiling lv_timer.c...
compiling lv_txt.c...
compiling lv_tlsf.c...
..\Middlewares\LVGL\GUI\lvgl\src\misc\lv_tlsf.c(897): warning:  #68-D: integer conversion resulted in a change of sign
          offset_to_block(pool, -(int)block_header_overhead);
..\Middlewares\LVGL\GUI\lvgl\src\misc\lv_tlsf.c(999): warning:  #68-D: integer conversion resulted in a change of sign
      block = offset_to_block(mem, -(tlsfptr_t)block_header_overhead);
..\Middlewares\LVGL\GUI\lvgl\src\misc\lv_tlsf.c(1017): warning:  #68-D: integer conversion resulted in a change of sign
      block_header_t * block = offset_to_block(pool, -(int)block_header_overhead);
..\Middlewares\LVGL\GUI\lvgl\src\misc\lv_tlsf.c: 3 warnings, 0 errors
compiling lv_btn.c...
compiling lv_bar.c...
compiling lv_checkbox.c...
compiling lv_objx_templ.c...
compiling lv_arc.c...
compiling lv_canvas.c...
compiling lv_line.c...
compiling lv_dropdown.c...
compiling lv_btnmatrix.c...
compiling lv_img.c...
compiling lv_draw_sdl.c...
compiling lv_draw_sdl_arc.c...
compiling lv_draw_sdl_composite.c...
compiling lv_switch.c...
compiling lv_gpu_stm32_dma2d.c...
compiling lv_draw_sdl_img.c...
compiling lv_draw_sdl_bg.c...
compiling lv_roller.c...
compiling lv_slider.c...
compiling lv_label.c...
compiling lv_draw_sdl_line.c...
compiling lv_draw_sdl_label.c...
compiling lv_draw_sdl_layer.c...
compiling lv_draw_sdl_mask.c...
compiling lv_draw_sdl_texture_cache.c...
compiling lv_draw_sdl_polygon.c...
compiling lv_port_disp_template.c...
compiling lv_draw_sdl_stack_blur.c...
compiling lv_draw_sdl_rect.c...
compiling lv_draw_sdl_utils.c...
compiling lv_port_fs_template.c...
compiling lv_textarea.c...
compiling lv_port_indev_template.c...
compiling lv_table.c...
compiling lv_demo_stress.c...
..\Middlewares\LVGL\GUI_APP\demos\stress\lv_demo_stress.c(80): warning:  #546-D: transfer of control bypasses initialization of:
            variable "scale"  (declared at line 255)
      switch(state) {
      ^
..\Middlewares\LVGL\GUI_APP\demos\stress\lv_demo_stress.c: 1 warning, 0 errors
compiling HzLib.c...
compiling at24cxx.c...
compiling iic.c...
..\Drivers\BSP\IIC\iic.c(449): warning:  #223-D: function "CRC8" declared implicitly
      iic_send_byte(p_IICDev, CRC8(CRC_buf,3) );
..\Drivers\BSP\IIC\iic.c(484): warning:  #223-D: function "CRC8" declared implicitly
      if(CRC8(CRC_buf, 5) == CRC_buf[5])
..\Drivers\BSP\IIC\iic.c(528): warning:  #223-D: function "CRC8" declared implicitly
      if(CRC8(CRC_buf, 5) == CRC_buf[5])
..\Drivers\BSP\IIC\iic.c: 3 warnings, 0 errors
compiling uart_printf.c...
compiling uart_pack.c...
compiling st7789.c...
compiling ws2812b.c...
compiling lcd.c...
linking...
Program Size: Code=15548 RO-data=708 RW-data=360 ZI-data=18456  
FromELF: creating hex file...
"M2_test\M2_test.axf" - 0 Error(s), 28 Warning(s).

<h2>Software Packages used:</h2>

Package Vendor: ARM
                http://www.keil.com/pack/ARM.CMSIS.5.9.0.pack
                ARM::CMSIS@5.9.0
                CMSIS (Common Microcontroller Software Interface Standard)
   * Component: CORE Version: 5.6.0

Package Vendor: Keil
                https://www.keil.com/pack/Keil.STM32F4xx_DFP.2.17.1.pack
                Keil::STM32F4xx_DFP@2.17.1
                STMicroelectronics STM32F4 Series Device Support, Drivers and Examples

<h2>Collection of Component include folders:</h2>
  ./RTE/_M2_test
  C:/Users/15291/AppData/Local/Arm/Packs/ARM/CMSIS/5.9.0/CMSIS/Core/Include
  C:/Users/15291/AppData/Local/Arm/Packs/Keil/STM32F4xx_DFP/2.17.1/Drivers/CMSIS/Device/ST/STM32F4xx/Include

<h2>Collection of Component Files used:</h2>

   * Component: ARM::CMSIS:CORE@5.6.0
      Include file:  CMSIS/Core/Include/tz_context.h
Build Time Elapsed:  00:00:09
</pre>
</body>
</html>
